// Jest Snapshot v1, https://goo.gl/fbAQLP

exports[`Creates link data for posts 1`] = `
Object {
  "@context": "http://schema.org",
  "@type": "BlogPosting",
  "articleSection": "key0,key1",
  "author": Object {
    "@context": "http://schema.org",
    "@type": "Person",
    "image": Object {
      "@context": "http://schema.org",
      "@type": "ImageObject",
      "height": 100,
      "url": "http://test.com/image.jpg",
      "width": 100,
    },
    "mainEntityOfPage": Object {
      "@context": "http://schema.org",
      "@id": "about",
      "@type": "WebPage",
    },
    "name": "Test Person",
    "sameAs": Array [
      "http://testsite1.com",
      "http://testsite2.com",
    ],
    "url": "http://www.test.com/about",
  },
  "dateModified": 2018-05-26T18:45:04.322Z,
  "datePublished": 2018-05-26T18:45:04.322Z,
  "description": null,
  "headline": "Series 1",
  "image": undefined,
  "mainEntityOfPage": Object {
    "@context": "http://schema.org",
    "@id": "http://www.test.com/key0",
    "@type": "WebPage",
  },
  "name": "Series 1",
  "publisher": Object {
    "@context": "http://schema.org",
    "@type": "Organization",
    "logo": Object {
      "@context": "http://schema.org",
      "@type": "ImageObject",
      "height": 100,
      "url": "http://test.com/image.jpg",
      "width": 100,
    },
    "name": "Test Site",
  },
}
`;

exports[`creates link data for categories 1`] = `
Object {
  "@context": "http://schema.org",
  "@id": "key0",
  "@type": "WebPage",
  "breadcrumb": Array [
    Object {
      "@context": "http://schema.org",
      "@type": "Breadcrumb",
      "item": Object {
        "id": "http://www.test.com",
        "name": "Home",
      },
      "position": 1,
    },
    Object {
      "@context": "http://schema.org",
      "@type": "Breadcrumb",
      "item": Object {
        "id": "http://www.test.com/key0",
        "name": "Title 1",
      },
      "position": 2,
    },
  ],
  "name": "Title 1",
  "publisher": Object {
    "@context": "http://schema.org",
    "@type": "Organization",
    "logo": Object {
      "@context": "http://schema.org",
      "@type": "ImageObject",
      "height": 100,
      "url": "http://test.com/image.jpg",
      "width": 100,
    },
    "name": "Test Site",
  },
}
`;
